
ARBAAZ@DESKTOP-DU70O09 MINGW64 ~/Desktop/git_repo/practise (master)
$ git commit -m "first commit"
[master (root-commit) 5dce831] first commit
 3 files changed, 2 insertions(+)
 create mode 100644 practise/.filefirst.swp
 create mode 100644 practise/first.txt
 create mode 100644 practise/firstfile.txt

ARBAAZ@DESKTOP-DU70O09 MINGW64 ~/Desktop/git_repo/practise (master)
$ git log
commit 5dce8310aee9602feeaaa9bf2563c8d852b0b672 (HEAD -> master)
Author: ArbaazBbagwan <arbaazbagwan09@gmail.com>
Date:   Wed Aug 17 20:33:59 2022 +0530

    first commit

ARBAAZ@DESKTOP-DU70O09 MINGW64 ~/Desktop/git_repo/practise (master)
$ git push
fatal: No configured push destination.
Either specify the URL from the command-line or configure a remote repository using

    git remote add <name> <url>

and then push using the remote name

    git push <name>


ARBAAZ@DESKTOP-DU70O09 MINGW64 ~/Desktop/git_repo/practise (master)
$ git remote origin add https://github.com/ArbaazBagwan/First_repo.git
error: Unknown subcommand: origin
usage: git remote [-v | --verbose]
   or: git remote add [-t <branch>] [-m <master>] [-f] [--tags | --no-tags] [--mirror=<fetch|push>] <name> <url>
   or: git remote rename [--[no-]progress] <old> <new>
   or: git remote remove <name>
   or: git remote set-head <name> (-a | --auto | -d | --delete | <branch>)
   or: git remote [-v | --verbose] show [-n] <name>
   or: git remote prune [-n | --dry-run] <name>
   or: git remote [-v | --verbose] update [-p | --prune] [(<group> | <remote>)...]
   or: git remote set-branches [--add] <name> <branch>...
   or: git remote get-url [--push] [--all] <name>
   or: git remote set-url [--push] <name> <newurl> [<oldurl>]
   or: git remote set-url --add <name> <newurl>
   or: git remote set-url --delete <name> <url>

    -v, --verbose         be verbose; must be placed before a subcommand


ARBAAZ@DESKTOP-DU70O09 MINGW64 ~/Desktop/git_repo/practise (master)
$ git push origin master
fatal: 'origin' does not appear to be a git repository
fatal: Could not read from remote repository.

Please make sure you have the correct access rights
and the repository exists.

ARBAAZ@DESKTOP-DU70O09 MINGW64 ~/Desktop/git_repo/practise (master)
$ git remote add origin https://github.com/ArbaazBagwan/First_repo.git

ARBAAZ@DESKTOP-DU70O09 MINGW64 ~/Desktop/git_repo/practise (master)
$ git push
fatal: The current branch master has no upstream branch.
To push the current branch and set the remote as upstream, use

    git push --set-upstream origin master


ARBAAZ@DESKTOP-DU70O09 MINGW64 ~/Desktop/git_repo/practise (master)
$ git push origin master
Enumerating objects: 5, done.
Counting objects: 100% (5/5), done.
Delta compression using up to 4 threads
Compressing objects: 100% (3/3), done.
Writing objects: 100% (5/5), 598 bytes | 299.00 KiB/s, done.
Total 5 (delta 0), reused 0 (delta 0), pack-reused 0
To https://github.com/ArbaazBagwan/First_repo.git
 * [new branch]      master -> master

ARBAAZ@DESKTOP-DU70O09 MINGW64 ~/Desktop/git_repo/practise (master)
$ git branch branch1

ARBAAZ@DESKTOP-DU70O09 MINGW64 ~/Desktop/git_repo/practise (master)
$ git checkout branch1
Switched to branch 'branch1'

ARBAAZ@DESKTOP-DU70O09 MINGW64 ~/Desktop/git_repo/practise (branch1)
$ touch file2.txt

ARBAAZ@DESKTOP-DU70O09 MINGW64 ~/Desktop/git_repo/practise (branch1)
$ git add .

ARBAAZ@DESKTOP-DU70O09 MINGW64 ~/Desktop/git_repo/practise (branch1)
$ git commit -m "added file 2 in branch 1"
[branch1 9254dad] added file 2 in branch 1
 1 file changed, 0 insertions(+), 0 deletions(-)
 create mode 100644 practise/file2.txt

ARBAAZ@DESKTOP-DU70O09 MINGW64 ~/Desktop/git_repo/practise (branch1)
$ git log
commit 9254daddfcc72ce3cc42f637264706e2b45dd8a1 (HEAD -> branch1)
Author: ArbaazBbagwan <arbaazbagwan09@gmail.com>
Date:   Wed Aug 17 21:16:52 2022 +0530

    added file 2 in branch 1

commit 5dce8310aee9602feeaaa9bf2563c8d852b0b672 (origin/master, master)
Author: ArbaazBbagwan <arbaazbagwan09@gmail.com>
Date:   Wed Aug 17 20:33:59 2022 +0530

    first commit

ARBAAZ@DESKTOP-DU70O09 MINGW64 ~/Desktop/git_repo/practise (branch1)
$ git status
On branch branch1
nothing to commit, working tree clean

ARBAAZ@DESKTOP-DU70O09 MINGW64 ~/Desktop/git_repo/practise (branch1)
$ git push
fatal: The current branch branch1 has no upstream branch.
To push the current branch and set the remote as upstream, use

    git push --set-upstream origin branch1


ARBAAZ@DESKTOP-DU70O09 MINGW64 ~/Desktop/git_repo/practise (branch1)
$  git push --set-upstream origin branch1
Enumerating objects: 6, done.
Counting objects: 100% (6/6), done.
Delta compression using up to 4 threads
Compressing objects: 100% (2/2), done.
Writing objects: 100% (4/4), 319 bytes | 319.00 KiB/s, done.
Total 4 (delta 1), reused 0 (delta 0), pack-reused 0
remote: Resolving deltas: 100% (1/1), completed with 1 local object.
remote:
remote: Create a pull request for 'branch1' on GitHub by visiting:
remote:      https://github.com/ArbaazBagwan/First_repo/pull/new/branch1
remote:
To https://github.com/ArbaazBagwan/First_repo.git
 * [new branch]      branch1 -> branch1
branch 'branch1' set up to track 'origin/branch1'.

ARBAAZ@DESKTOP-DU70O09 MINGW64 ~/Desktop/git_repo/practise (branch1)
$ git push origin branch1
Everything up-to-date

ARBAAZ@DESKTOP-DU70O09 MINGW64 ~/Desktop/git_repo/practise (branch1)
$ git merge master
Already up to date.

ARBAAZ@DESKTOP-DU70O09 MINGW64 ~/Desktop/git_repo/practise (branch1)
$ git checkout master
Switched to branch 'master'

ARBAAZ@DESKTOP-DU70O09 MINGW64 ~/Desktop/git_repo/practise (master)
$ git merge branch1
Updating 5dce831..9254dad
Fast-forward
 practise/file2.txt | 0
 1 file changed, 0 insertions(+), 0 deletions(-)
 create mode 100644 practise/file2.txt

ARBAAZ@DESKTOP-DU70O09 MINGW64 ~/Desktop/git_repo/practise (master)
$ git log
commit 9254daddfcc72ce3cc42f637264706e2b45dd8a1 (HEAD -> master, origin/branch1, branch1)
Author: ArbaazBbagwan <arbaazbagwan09@gmail.com>
Date:   Wed Aug 17 21:16:52 2022 +0530

    added file 2 in branch 1

commit 5dce8310aee9602feeaaa9bf2563c8d852b0b672 (origin/master)
Author: ArbaazBbagwan <arbaazbagwan09@gmail.com>
Date:   Wed Aug 17 20:33:59 2022 +0530

    first commit

ARBAAZ@DESKTOP-DU70O09 MINGW64 ~/Desktop/git_repo/practise (master)
$ git commit -m "merged"
On branch master
nothing to commit, working tree clean

ARBAAZ@DESKTOP-DU70O09 MINGW64 ~/Desktop/git_repo/practise (master)
$ git push
fatal: The current branch master has no upstream branch.
To push the current branch and set the remote as upstream, use

    git push --set-upstream origin master


ARBAAZ@DESKTOP-DU70O09 MINGW64 ~/Desktop/git_repo/practise (master)
$ git push origin master
Total 0 (delta 0), reused 0 (delta 0), pack-reused 0
To https://github.com/ArbaazBagwan/First_repo.git
   5dce831..9254dad  master -> master

ARBAAZ@DESKTOP-DU70O09 MINGW64 ~/Desktop/git_repo/practise (master)
